15-allow-traffic-to-named-port:illuminatio-inverted-role=frontend:
  15-allow-traffic-to-named-port:app=myfancydeployment,role=api:
    -mynamedport:
      success: true
15-allow-traffic-to-named-port:role=frontend:
  15-allow-traffic-to-named-port:app=myfancydeployment,role=api:
    mynamedport:
      success: true
illuminatio-inverted-15-allow-traffic-to-named-port:illuminatio-inverted-role=frontend:
  15-allow-traffic-to-named-port:app=myfancydeployment,role=api:
    -mynamedport:
      success: true
illuminatio-inverted-15-allow-traffic-to-named-port:role=frontend:
  15-allow-traffic-to-named-port:app=myfancydeployment,role=api:
    -mynamedport:
      success: true
